Archive member included because of file (symbol)

/home/newfriday/cross_compile/AT91BootStrap/bin/../lib/gcc/arm-none-linux-gnueabi/4.3.3/libgcc.a(_udivsi3.o)
                              arch/arm/mach-at91/built-in.o (__aeabi_uidiv)
/home/newfriday/cross_compile/AT91BootStrap/bin/../lib/gcc/arm-none-linux-gnueabi/4.3.3/libgcc.a(_divsi3.o)
                              common/built-in.o (__aeabi_idiv)
/home/newfriday/cross_compile/AT91BootStrap/bin/../lib/gcc/arm-none-linux-gnueabi/4.3.3/libgcc.a(_lshrdi3.o)
                              drivers/mtd/nand/built-in.o (__aeabi_llsr)
/home/newfriday/cross_compile/AT91BootStrap/bin/../lib/gcc/arm-none-linux-gnueabi/4.3.3/libgcc.a(_ashrdi3.o)
                              drivers/mtd/nand/built-in.o (__aeabi_lasr)
/home/newfriday/cross_compile/AT91BootStrap/bin/../lib/gcc/arm-none-linux-gnueabi/4.3.3/libgcc.a(_ashldi3.o)
                              drivers/mmc/built-in.o (__aeabi_llsl)
/home/newfriday/cross_compile/AT91BootStrap/bin/../lib/gcc/arm-none-linux-gnueabi/4.3.3/libgcc.a(_dvmd_lnx.o)
                              /home/newfriday/cross_compile/AT91BootStrap/bin/../lib/gcc/arm-none-linux-gnueabi/4.3.3/libgcc.a(_udivsi3.o) (__aeabi_idiv0)

Discarded input sections

 .data          0x00000000        0x0 arch/arm/cpu/arm926ejs/start.o
 .bss           0x00000000        0x0 arch/arm/cpu/arm926ejs/start.o
 .text          0x00000000        0x0 arch/arm/cpu/arm926ejs/built-in.o
 .text.invalidate_dcache_all
                0x00000000        0x0 arch/arm/cpu/arm926ejs/built-in.o
 .data          0x00000000        0x0 arch/arm/cpu/arm926ejs/built-in.o
 .bss           0x00000000        0x0 arch/arm/cpu/arm926ejs/built-in.o
 .text.flush_cache
                0x00000000        0x0 arch/arm/lib/built-in.o
 .text.flush_dcache_all
                0x00000000        0x0 arch/arm/lib/built-in.o
 .text.arm_init_before_mmu
                0x00000000        0x0 arch/arm/lib/built-in.o
 .text.arm_init_domains
                0x00000000        0x0 arch/arm/lib/built-in.o
 .text.set_section_dcache
                0x00000000        0x0 arch/arm/lib/built-in.o
 .text.mmu_page_table_flush
                0x00000000        0x0 arch/arm/lib/built-in.o
 .text.mmu_set_region_dcache_behaviour
                0x00000000        0x0 arch/arm/lib/built-in.o
 .text.dram_bank_mmu_setup
                0x00000000        0x0 arch/arm/lib/built-in.o
 .text.cache_enable
                0x00000000        0x0 arch/arm/lib/built-in.o
 .text.icache_enable
                0x00000000        0x0 arch/arm/lib/built-in.o
 .text.icache_status
                0x00000000        0x0 arch/arm/lib/built-in.o
 .text.dcache_enable
                0x00000000        0x0 arch/arm/lib/built-in.o
 .text.dcache_status
                0x00000000        0x0 arch/arm/lib/built-in.o
 .data          0x00000000        0x0 arch/arm/lib/built-in.o
 .__secure_start
                0x00000000        0x0 arch/arm/lib/built-in.o
 .__secure_end  0x00000000        0x0 arch/arm/lib/built-in.o
 .bss           0x00000000        0x0 arch/arm/lib/built-in.o
 .text          0x00000000        0x0 arch/arm/mach-at91/built-in.o
 .text.at91_spi1_hw_init
                0x00000000        0x0 arch/arm/mach-at91/built-in.o
 .text.at91_serial2_hw_init
                0x00000000        0x0 arch/arm/mach-at91/built-in.o
 .text.at91_serial1_hw_init
                0x00000000        0x0 arch/arm/mach-at91/built-in.o
 .text.at91_serial0_hw_init
                0x00000000        0x0 arch/arm/mach-at91/built-in.o
 .text.yellow_led_off
                0x00000000        0x0 arch/arm/mach-at91/built-in.o
 .text.yellow_led_on
                0x00000000        0x0 arch/arm/mach-at91/built-in.o
 .text.green_led_off
                0x00000000        0x0 arch/arm/mach-at91/built-in.o
 .text.green_led_on
                0x00000000        0x0 arch/arm/mach-at91/built-in.o
 .text.red_led_off
                0x00000000        0x0 arch/arm/mach-at91/built-in.o
 .text.at91_plla_init
                0x00000000        0x0 arch/arm/mach-at91/built-in.o
 .text.at91_pllb_init
                0x00000000        0x0 arch/arm/mach-at91/built-in.o
 .text.at91_mck_init
                0x00000000        0x0 arch/arm/mach-at91/built-in.o
 .text.at91_periph_clk_enable
                0x00000000        0x0 arch/arm/mach-at91/built-in.o
 .data          0x00000000        0x0 arch/arm/mach-at91/built-in.o
 .bss           0x00000000        0x0 arch/arm/mach-at91/built-in.o
 .text          0x00000000        0x0 board/atmel/at91sam9263ek/built-in.o
 .text.lcd_disable
                0x00000000        0x0 board/atmel/at91sam9263ek/built-in.o
 .data          0x00000000        0x0 board/atmel/at91sam9263ek/built-in.o
 .bss           0x00000000        0x0 board/atmel/at91sam9263ek/built-in.o
 .text          0x00000000        0x0 common/built-in.o
 .text.hash_show
                0x00000000        0x0 common/built-in.o
 .text.hash_progressive_lookup_algo
[...]
Memory Configuration

Name             Origin             Length             Attributes
*default*        0x00000000         0xffffffff

Linker script and memory map

Address of section .text set to 0x21f00000
                0x00000000                . = 0x0
                0x00000000                . = ALIGN (0x4)

.text           0x21f00000    0x33430
 *(.__image_copy_start)
 .__image_copy_start
                0x21f00000        0x0 arch/arm/lib/built-in.o
                0x21f00000                __image_copy_start
 *(.vectors)
 .vectors       0x21f00000      0x300 arch/arm/lib/built-in.o
                0x21f00030                _not_used
                0x21f0002c                _data_abort
                0x21f00034                _irq
                0x21f00040                IRQ_STACK_START_IN
                0x21f00028                _prefetch_abort
                0x21f00000                _start
                0x21f00038                _fiq
                0x21f00020                _undefined_instruction
                0x21f00024                _software_interrupt
 arch/arm/cpu/arm926ejs/start.o(.text*)
 .text          0x21f00300       0x18 arch/arm/cpu/arm926ejs/start.o
                0x21f00300                reset
                0x21f00314                c_runtime_cpu_setup
 *(.text*)
 .text.cleanup_before_linux
                0x21f00318       0x24 arch/arm/cpu/arm926ejs/built-in.o
                0x21f00318                cleanup_before_linux
 .text.flush_dcache_all
                0x21f0033c       0x14 arch/arm/cpu/arm926ejs/built-in.o
                0x21f0033c                flush_dcache_all
 .text.check_cache_range
                0x21f00350       0x1c arch/arm/cpu/arm926ejs/built-in.o
 .text.invalidate_dcache_range
                0x21f0036c       0x30 arch/arm/cpu/arm926ejs/built-in.o
                0x21f0036c                invalidate_dcache_range
 .text.flush_dcache_range
                0x21f0039c       0x38 arch/arm/cpu/arm926ejs/built-in.o
                0x21f0039c                flush_dcache_range
 .text.flush_cache
                0x21f003d4        0x8 arch/arm/cpu/arm926ejs/built-in.o
                0x21f003d4                flush_cache
 .text.l2_cache_disable
                0x21f003dc        0x4 arch/arm/cpu/arm926ejs/built-in.o
                0x21f003dc                l2_cache_disable
 .text          0x21f003e0       0xa0 arch/arm/lib/built-in.o
                0x21f003e0                _main
 .text.relocate_vectors
                0x21f00480       0x90 arch/arm/lib/built-in.o
                0x21f00480                relocate_vectors
                0x21f004a8                relocate_code
 .text.arch_fixup_fdt
                0x21f00510       0x38 arch/arm/lib/built-in.o
                0x21f00510                arch_fixup_fdt
 .text.setup_board_tags
                0x21f00548        0x4 arch/arm/lib/built-in.o
                0x21f00548                setup_board_tags
 .text.boot_jump_vxworks
                0x21f0054c       0x18 arch/arm/lib/built-in.o
                0x21f0054c                boot_jump_vxworks
 .text.boot_prep_vxworks
                0x21f00564       0x4c arch/arm/lib/built-in.o
                0x21f00564                boot_prep_vxworks
 .text.bootz_setup
                0x21f005b0       0x64 arch/arm/lib/built-in.o
                0x21f005b0                bootz_setup
 .text.boot_prep_linux
                0x21f00614      0x180 arch/arm/lib/built-in.o
 .text.boot_jump_linux
                0x21f00794       0xb4 arch/arm/lib/built-in.o
 .text.do_bootm_linux
                0x21f00848       0x68 arch/arm/lib/built-in.o
                0x21f00848                do_bootm_linux
 .text.arch_lmb_reserve
                0x21f008b0       0x24 arch/arm/lib/built-in.o
                0x21f008b0                arch_lmb_reserve
 .text.arch_reserve_stacks
                0x21f008d4       0x1c arch/arm/lib/built-in.o
                0x21f008d4                arch_reserve_stacks
 .text.interrupt_init
                0x21f008f0       0x1c arch/arm/lib/built-in.o
                0x21f008f0                interrupt_init
 .text.enable_interrupts
                0x21f0090c        0x4 arch/arm/lib/built-in.o
                0x21f0090c                enable_interrupts
 .text.disable_interrupts
                0x21f00910        0x8 arch/arm/lib/built-in.o
                0x21f00910                disable_interrupts
 .text.show_regs
                0x21f00918      0x174 arch/arm/lib/built-in.o
                0x21f00918                show_regs
 .text.bad_mode
                0x21f00a8c       0x10 arch/arm/lib/built-in.o
                0x21f00a8c                bad_mode
 .text.do_irq   0x21f00a9c       0x24 arch/arm/lib/built-in.o
                0x21f00a9c                do_irq
 .text.do_fiq   0x21f00ac0       0x24 arch/arm/lib/built-in.o
                0x21f00ac0                do_fiq
 .text.do_not_used
                0x21f00ae4       0x24 arch/arm/lib/built-in.o
                0x21f00ae4                do_not_used
 .text.do_data_abort
                0x21f00b08       0x24 arch/arm/lib/built-in.o
                0x21f00b08                do_data_abort
 .text.do_prefetch_abort
                0x21f00b2c       0x24 arch/arm/lib/built-in.o
                0x21f00b2c                do_prefetch_abort
 .text.do_software_interrupt
                0x21f00b50       0x24 arch/arm/lib/built-in.o
                0x21f00b50                do_software_interrupt
 .text.do_undefined_instruction
                0x21f00b74       0x24 arch/arm/lib/built-in.o
                0x21f00b74                do_undefined_instruction
 .text.reset_misc
                0x21f00b98        0x4 arch/arm/lib/built-in.o
                0x21f00b98                reset_misc
 .text.do_reset
                0x21f00b9c       0x34 arch/arm/lib/built-in.o
                0x21f00b9c                do_reset
 .text.enable_caches
                0x21f00bd0        0xc arch/arm/lib/built-in.o
                0x21f00bd0                enable_caches
 .text.cp_delay
                0x21f00bdc       0x30 arch/arm/lib/built-in.o
 .text.cache_disable
                0x21f00c0c       0x44 arch/arm/lib/built-in.o
 .text.dcache_disable
                0x21f00c50        0x8 arch/arm/lib/built-in.o
                0x21f00c50                dcache_disable
 .text.icache_disable
                0x21f00c58        0x8 arch/arm/lib/built-in.o
                0x21f00c58                icache_disable
 .text.at91_phy_reset
                0x21f00c60       0x90 arch/arm/mach-at91/built-in.o
                0x21f00c60                at91_phy_reset
 .text.at91_uhp_hw_init
                0x21f00cf0       0x28 arch/arm/mach-at91/built-in.o
                0x21f00cf0                at91_uhp_hw_init
 .text.at91_mci_hw_init
                0x21f00d18       0x78 arch/arm/mach-at91/built-in.o
                0x21f00d18                at91_mci_hw_init
 .text.at91_seriald_hw_init
                0x21f00d90       0x38 arch/arm/mach-at91/built-in.o
                0x21f00d90                at91_seriald_hw_init
 .text.at91_macb_hw_init
                0x21f00dc8       0xa8 arch/arm/mach-at91/built-in.o
                0x21f00dc8                at91_macb_hw_init
 .text.at91_spi0_hw_init
                0x21f00e70      0x10c arch/arm/mach-at91/built-in.o
                0x21f00e70                at91_spi0_hw_init
 .text.red_led_on
                0x21f00f7c        0xc arch/arm/mach-at91/built-in.o
                0x21f00f7c                red_led_on
 .text.at91_pll_rate
                0x21f00f88       0x48 arch/arm/mach-at91/built-in.o
 .text.at91_clock_init
                0x21f00fd0      0x180 arch/arm/mach-at91/built-in.o
                0x21f00fd0                at91_clock_init
 .text.arch_preboot_os
                0x21f01150       0x28 arch/arm/mach-at91/built-in.o
                0x21f01150                arch_preboot_os
 .text.print_cpuinfo
                0x21f01178       0x80 arch/arm/mach-at91/built-in.o
                0x21f01178                print_cpuinfo
 .text.arch_cpu_init
                0x21f011f8        0xc arch/arm/mach-at91/built-in.o
                0x21f011f8                arch_cpu_init
 .text.reset_cpu
                0x21f01204       0x18 arch/arm/mach-at91/built-in.o
                0x21f01204                reset_cpu
 .text.timer_init
                0x21f0121c       0x34 arch/arm/mach-at91/built-in.o
                0x21f0121c                timer_init
 .text.get_tbclk
                0x21f01250        0x8 arch/arm/mach-at91/built-in.o
                0x21f01250                get_tbclk
 .text.reset_phy
                0x21f01258        0x4 board/atmel/at91sam9263ek/built-in.o
                0x21f01258                reset_phy
 .text.board_eth_init
                0x21f0125c       0x14 board/atmel/at91sam9263ek/built-in.o
                0x21f0125c                board_eth_init
 .text.dram_init
                0x21f01270       0x20 board/atmel/at91sam9263ek/built-in.o
                0x21f01270                dram_init
 .text.board_init
                0x21f01290      0x280 board/atmel/at91sam9263ek/built-in.o
                0x21f01290                board_init
 .text.board_early_init_f
                0x21f01510       0x20 board/atmel/at91sam9263ek/built-in.o
                0x21f01510                board_early_init_f
 .text.board_mmc_init
                0x21f01530       0x18 board/atmel/at91sam9263ek/built-in.o
                0x21f01530                board_mmc_init
 .text.lcd_show_board_info
                0x21f01548       0x94 board/atmel/at91sam9263ek/built-in.o
                0x21f01548                lcd_show_board_info
 .text.lcd_enable
                0x21f015dc       0x10 board/atmel/at91sam9263ek/built-in.o
                0x21f015dc                lcd_enable
 .text.coloured_LED_init
                0x21f015ec       0x78 board/atmel/at91sam9263ek/built-in.o
                0x21f015ec                coloured_LED_init
 .text.show_boot_progress
                0x21f01664        0x4 common/built-in.o
                0x21f01664                show_boot_progress
 .text.main_loop
                0x21f01668       0x20 common/built-in.o
                0x21f01668                main_loop
 .text.dummy    0x21f01688        0x4 common/built-in.o
 .text.get_version
                0x21f0168c        0x8 common/built-in.o
                0x21f0168c                get_version
 .text.jumptable_init
                0x21f01694      0x200 common/built-in.o
                0x21f01694                jumptable_init
 .text.hash_command
                0x21f01894       0xbc common/built-in.o
                0x21f01894                hash_command
 .text.b_reset  0x21f01950       0x1c common/built-in.o
 .text.static_get
                0x21f0196c       0x1c common/built-in.o
 .text.static_peek
                0x21f01988        0xc common/built-in.o
 .text.file_peek
                0x21f01994        0xc common/built-in.o
 .text.setup_string_in_str
                0x21f019a0       0x2c common/built-in.o
 .text.is_assignment
                0x21f019cc       0x5c common/built-in.o
 .text.mapset   0x21f01a28       0x28 common/built-in.o
 .text.syntax_err
                0x21f01a50        0xc common/built-in.o
 .text.do_showvar
                0x21f01a5c       0xec common/built-in.o
 .text.u_boot_hush_start
                0x21f01b48       0x50 common/built-in.o
                0x21f01b48                u_boot_hush_start
 .text.xmalloc  0x21f01b98       0x20 common/built-in.o
 .text.new_pipe
                0x21f01bb8       0x28 common/built-in.o
 .text.file_get
                0x21f01be0      0x1d8 common/built-in.o
 .text.free_pipe_list
                0x21f01db8       0xec common/built-in.o
 .text.b_free   0x21f01ea4       0x24 common/built-in.o
 .text.xrealloc
                0x21f01ec8       0x20 common/built-in.o
 .text.done_command
                0x21f01ee8       0x8c common/built-in.o
 .text.initialize_context
                0x21f01f74       0x38 common/built-in.o
 .text.done_pipe
                0x21f01fac       0x48 common/built-in.o
 .text.b_addchr
                0x21f01ff4       0x7c common/built-in.o
 .text.done_word
                0x21f02070      0x2bc common/built-in.o
 .text.b_addqchr
                0x21f0232c       0x4c common/built-in.o
 .text.get_local_var
                0x21f02378       0x98 common/built-in.o
                0x21f02378                get_local_var
 .text.set_local_var
                0x21f02410      0x1b4 common/built-in.o
                0x21f02410                set_local_var
 .text.insert_var_value_sub
                0x21f025c4      0x2b0 common/built-in.o
 .text.insert_var_value
                0x21f02874        0x8 common/built-in.o
 .text.run_list_real
                0x21f0287c      0x80c common/built-in.o
 .text.parse_stream_outer
                0x21f03088      0x70c common/built-in.o
 .text.parse_file_outer
                0x21f03794       0x44 common/built-in.o
                0x21f03794                parse_file_outer
 .text.parse_string_outer
                0x21f037d8       0xc8 common/built-in.o
                0x21f037d8                parse_string_outer
 .text.autoboot_command
                0x21f038a0       0xd8 common/built-in.o
                0x21f038a0                autoboot_command
 .text.bootdelay_process
                0x21f03978       0x4c common/built-in.o
                0x21f03978                bootdelay_process
 .text.board_add_ram_info
                0x21f039c4        0x4 common/built-in.o
                0x21f039c4                board_add_ram_info
 .text.display_text_info
                0x21f039c8        0x8 common/built-in.o
 .text.setup_mon_len
                0x21f039d0       0x20 common/built-in.o
 .text.board_get_usable_ram_top
                0x21f039f0       0x18 common/built-in.o
                0x21f039f0                board_get_usable_ram_top
 .text.reserve_round_4k
                0x21f03a08       0x18 common/built-in.o
 .text.reserve_mmu
                0x21f03a20       0x38 common/built-in.o
 .text.reserve_trace
                0x21f03a58        0x8 common/built-in.o
 .text.reserve_uboot
                0x21f03a60       0x30 common/built-in.o
 .text.reserve_malloc
                0x21f03a90       0x14 common/built-in.o
 .text.setup_machine
                0x21f03aa4        0x8 common/built-in.o
 .text.reserve_global_data
                0x21f03aac       0x1c common/built-in.o
 .text.reserve_fdt
                0x21f03ac8       0x60 common/built-in.o
 .text.reserve_stacks
                0x21f03b28       0x1c common/built-in.o
 .text.display_new_sp
                0x21f03b44        0x8 common/built-in.o
 .text.initf_dm
                0x21f03b4c        0x8 common/built-in.o
 .text.reserve_arch
                0x21f03b54        0x8 common/built-in.o
                0x21f03b54                reserve_arch
 .text.arch_cpu_init_dm
                0x21f03b5c        0x8 common/built-in.o
                0x21f03b5c                arch_cpu_init_dm
 .text.reserve_board
                0x21f03b64       0x38 common/built-in.o
 .text.board_init_f
                0x21f03b9c       0x28 common/built-in.o
                0x21f03b9c                board_init_f
 .text.setup_reloc
                0x21f03bc4       0x2c common/built-in.o
 .text.reloc_fdt
                0x21f03bf0       0x30 common/built-in.o
 .text.show_dram_config
                0x21f03c20       0x38 common/built-in.o
 .text.reserve_lcd
                0x21f03c58       0x24 common/built-in.o
 .text.setup_dest_addr
                0x21f03c7c       0x40 common/built-in.o
 .text.dram_init_banksize
                0x21f03cbc       0x20 common/built-in.o
                0x21f03cbc                dram_init_banksize
 .text.setup_dram_config
                0x21f03cdc       0x10 common/built-in.o
 .text.announce_dram_init
                0x21f03cec       0x18 common/built-in.o
 .text.init_baud_rate
                0x21f03d04       0x2c common/built-in.o
 .text.mark_bootstage
                0x21f03d30       0x14 common/built-in.o
 .text.bootstage_relocate
                0x21f03d44        0x8 common/built-in.o
 .text.cpu_secondary_init_r
                0x21f03d4c        0x4 common/built-in.o
                0x21f03d4c                cpu_secondary_init_r
 .text.initr_secondary_cpu
                0x21f03d50       0x10 common/built-in.o
 .text.initr_trace
                0x21f03d60        0x8 common/built-in.o
 .text.initr_reloc_global_data
                0x21f03d68       0x28 common/built-in.o
 .text.initr_barrier
                0x21f03d90        0x8 common/built-in.o
 .text.power_init_board
                0x21f03d98        0x8 common/built-in.o
                0x21f03d98                power_init_board
 .text.initr_announce
                0x21f03da0        0x8 common/built-in.o
 .text.run_main_loop
                0x21f03da8        0xc common/built-in.o
 .text.initr_net
                0x21f03db4       0x20 common/built-in.o
 .text.initr_ethaddr
                0x21f03dd4       0x20 common/built-in.o
 .text.initr_enable_interrupts
                0x21f03df4       0x10 common/built-in.o
 .text.initr_jumptable
                0x21f03e04       0x10 common/built-in.o
 .text.initr_env
                0x21f03e14       0x30 common/built-in.o
 .text.initr_dataflash
                0x21f03e44       0x14 common/built-in.o
 .text.initr_mmc
                0x21f03e58       0x20 common/built-in.o
 .text.initr_nand
                0x21f03e78       0x1c common/built-in.o
 .text.initr_serial
                0x21f03e94       0x10 common/built-in.o
 .text.initr_malloc
                0x21f03ea4       0x1c common/built-in.o
 .text.initr_caches
                0x21f03ec0       0x10 common/built-in.o
 .text.initr_reloc
                0x21f03ed0       0x24 common/built-in.o
 .text.board_init_r
                0x21f03ef4       0x10 common/built-in.o
                0x21f03ef4                board_init_r
 .text.do_go_exec
                0x21f03f04       0x18 common/built-in.o
                0x21f03f04                do_go_exec
 .text.do_go    0x21f03f1c       0x70 common/built-in.o
 .text.do_bootz
                0x21f03f8c       0xf8 common/built-in.o
                0x21f03f8c                do_bootz
 .text.do_bootd
                0x21f04084       0x20 common/built-in.o
                0x21f04084                do_bootd
 .text.do_bootm
                0x21f040a4      0x104 common/built-in.o
                0x21f040a4                do_bootm
 .text.bootm_maybe_autostart
                0x21f041a8       0x74 common/built-in.o
                0x21f041a8                bootm_maybe_autostart
 .text.bootm_disable_interrupts
                0x21f0421c       0x18 common/built-in.o
                0x21f0421c                bootm_disable_interrupts
 .text.bootm_decomp_image
                0x21f04234      0x158 common/built-in.o
                0x21f04234                bootm_decomp_image
 .text.bootm_find_ramdisk_fdt
                0x21f0438c       0x9c common/built-in.o
                0x21f0438c                bootm_find_ramdisk_fdt
 .text.do_bootm_states
                0x21f04428      0x7ac common/built-in.o
                0x21f04428                do_bootm_states
 .text.bootm_os_get_boot_func
                0x21f04bd4       0x10 common/built-in.o
                0x21f04bd4                bootm_os_get_boot_func
 .text.copy_args
                0x21f04be4       0x54 common/built-in.o
 .text.do_bootm_plan9
                0x21f04c38       0xa0 common/built-in.o
 .text.do_bootm_rtems
                0x21f04cd8       0x3c common/built-in.o
 .text.boot_selected_os
                0x21f04d14       0x54 common/built-in.o
                0x21f04d14                boot_selected_os
 .text.do_bootm_standalone
                0x21f04d68       0x64 common/built-in.o
 .text.do_bootm_netbsd
                0x21f04dcc       0xf8 common/built-in.o
 .text.do_bootvx_fdt
                0x21f04ec4      0x108 common/built-in.o
                0x21f04ec4                do_bootvx_fdt
 .text.do_bootm_vxworks
                0x21f04fcc       0x20 common/built-in.o
 .text.do_help  0x21f04fec       0x4c common/built-in.o
 .text.do_version
                0x21f05038       0x38 common/built-in.o
 .text.reverse_strstr
                0x21f05070       0x60 common/built-in.o
 .text.env_attr_lookup
                0x21f050d0      0x130 common/built-in.o
                0x21f050d0                env_attr_lookup
 .text.env_attr_walk
                0x21f05200      0x114 common/built-in.o
                0x21f05200                env_attr_walk
 .text.clear_callback
                0x21f05314       0x10 common/built-in.o
 .text.on_callbacks
                0x21f05324       0x48 common/built-in.o
 .text.find_env_callback
                0x21f0536c       0x60 common/built-in.o
 .text.set_callback
                0x21f053cc       0x94 common/built-in.o
 .text.env_callback_init
                0x21f05460       0xc8 common/built-in.o
                0x21f05460                env_callback_init
 .text.skip_num
                0x21f05528       0x80 common/built-in.o
 .text.clear_flags
                0x21f055a8       0x10 common/built-in.o
 .text.on_flags
                0x21f055b8       0x48 common/built-in.o
 .text.env_flags_validate
                0x21f05600      0x318 common/built-in.o
                0x21f05600                env_flags_validate
 .text.env_flags_parse_varaccess
                0x21f05918       0x50 common/built-in.o
                0x21f05918                env_flags_parse_varaccess
 .text.env_flags_parse_vartype
                0x21f05968       0x4c common/built-in.o
                0x21f05968                env_flags_parse_vartype
 .text.env_parse_flags_to_bin
                0x21f059b4       0x2c common/built-in.o
 .text.set_flags
                0x21f059e0       0x90 common/built-in.o
 .text.env_flags_init
                0x21f05a70       0xbc common/built-in.o
                0x21f05a70                env_flags_init
 .text.env_init
                0x21f05b2c       0x1c common/built-in.o
                0x21f05b2c                env_init
 .text.readenv  0x21f05b48       0xc4 common/built-in.o
 .text.env_relocate_spec
                0x21f05c0c      0x1dc common/built-in.o
                0x21f05c0c                env_relocate_spec
 .text.erase_and_write_env
                0x21f05de8      0x10c common/built-in.o
 .text.saveenv  0x21f05ef4       0xbc common/built-in.o
                0x21f05ef4                saveenv
 .text.do_coninfo
                0x21f05fb0       0xf0 common/built-in.o
 .text.do_echo  0x21f060a0       0xb0 common/built-in.o
 .text.do_exit  0x21f06150       0x30 common/built-in.o
 .text.do_fat_fsinfo
                0x21f06180       0x94 common/built-in.o
 .text.do_fat_ls
                0x21f06214       0x14 common/built-in.o
 .text.do_fat_fsload
                0x21f06228       0x14 common/built-in.o
                0x21f06228                do_fat_fsload
 .text.do_fat_size
                0x21f0623c       0x14 common/built-in.o
                0x21f0623c                do_fat_size
 .text.is_printable_string
                0x21f06250       0x98 common/built-in.o
 .text.set_working_fdt_addr
                0x21f062e8       0x20 common/built-in.o
                0x21f062e8                set_working_fdt_addr
 .text.fdt_valid
                0x21f06308      0x100 common/built-in.o
 .text.print_data
                0x21f06408      0x180 common/built-in.o
 .text.do_fdt   0x21f06588     0x1034 common/built-in.o
 .text.fdt_shrink_to_minimum
                0x21f075bc      0x110 common/built-in.o
                0x21f075bc                fdt_shrink_to_minimum
 .text.fdt_find_and_setprop
                0x21f076cc       0x70 common/built-in.o
                0x21f076cc                fdt_find_and_setprop
 .text.do_fixup_by_path
                0x21f0773c       0x54 common/built-in.o
                0x21f0773c                do_fixup_by_path
 .text.fdt_fixup_ethernet
                0x21f07790      0x160 common/built-in.o
                0x21f07790                fdt_fixup_ethernet
 .text.fdt_find_or_add_subnode
                0x21f078f0       0x68 common/built-in.o
                0x21f078f0                fdt_find_or_add_subnode
 .text.fdt_fixup_memory_banks
                0x21f07958      0x22c common/built-in.o
                0x21f07958                fdt_fixup_memory_banks
 .text.fdt_fixup_memory
                0x21f07b84       0x20 common/built-in.o
                0x21f07b84                fdt_fixup_memory
 .text.fdt_chosen
                0x21f07ba4       0xa8 common/built-in.o
                0x21f07ba4                fdt_chosen
 .text.fdt_initrd
                0x21f07c4c      0x228 common/built-in.o
                0x21f07c4c                fdt_initrd
 .text.do_flerase
                0x21f07e74        0x8 common/built-in.o
 .text.do_protect
                0x21f07e7c      0x12c common/built-in.o
 .text.do_flinfo
                0x21f07fa8       0x10 common/built-in.o
 .text.evalexp  0x21f07fb8       0x6c common/built-in.o
 .text.evalstr  0x21f08024       0x68 common/built-in.o
 .text.binary_test
                0x21f0808c      0x1c0 common/built-in.o
 .text.do_itest
                0x21f0824c       0x94 common/built-in.o
 .text.ktrans   0x21f082e0       0x20 common/built-in.o
 .text.chk1     0x21f08300       0x30 common/built-in.o
 .text.bin_data_init
                0x21f08330       0x2c common/built-in.o
 .text.bin_data_char
                0x21f0835c       0x28 common/built-in.o
 .text.k_data_save
                0x21f08384       0x4c common/built-in.o
 .text.k_data_restore
                0x21f083d0       0x4c common/built-in.o
 .text.load_serial_ymodem
                0x21f0841c       0xf0 common/built-in.o
 .text.getcxmodem
                0x21f0850c       0x20 common/built-in.o
 .text.s1_sendpacket
                0x21f0852c       0x54 common/built-in.o
 .text.do_load_serial_bin
                0x21f08580      0x790 common/built-in.o
 .text.do_mem_loop
                0x21f08d10       0xf4 common/built-in.o
 .text.do_mem_mw
                0x21f08e04       0xc0 common/built-in.o
 .text.do_mem_base
                0x21f08ec4       0x44 common/built-in.o
 .text.do_mem_crc
                0x21f08f08       0x38 common/built-in.o
 .text.do_mem_cmp
                0x21f08f40      0x194 common/built-in.o
 .text.do_mem_cp
                0x21f090d4      0x198 common/built-in.o
 .text.mod_mem  0x21f0926c      0x184 common/built-in.o
 .text.do_mem_nm
                0x21f093f0       0x20 common/built-in.o
 .text.do_mem_mm
                0x21f09410       0x20 common/built-in.o
 .text.do_mem_md
                0x21f09430      0x150 common/built-in.o
 .text.do_sleep
                0x21f09580       0x70 common/built-in.o
 .text.init_mmc_device
                0x21f095f0       0x50 common/built-in.o
 .text.do_mmc_rescan
                0x21f09640       0x24 common/built-in.o
 .text.do_mmcinfo
                0x21f09664      0x37c common/built-in.o
 .text.do_mmcops
                0x21f099e0       0xb4 common/built-in.o
 .text.do_mmc_setdsr
                0x21f09a94       0xac common/built-in.o
 .text.do_mmc_hwpartition
                0x21f09b40      0x4f4 common/built-in.o
 .text.do_mmc_list
                0x21f0a034       0x14 common/built-in.o
 .text.do_mmc_dev
                0x21f0a048      0x13c common/built-in.o
 .text.do_mmc_part
                0x21f0a184       0x60 common/built-in.o
 .text.do_mmc_erase
                0x21f0a1e4       0xe8 common/built-in.o
 .text.do_mmc_write
                0x21f0a2cc      0x100 common/built-in.o
 .text.do_mmc_read
                0x21f0a3cc       0xe4 common/built-in.o
 .text.do_nandboot
                0x21f0a4b0      0x310 common/built-in.o
 .text.nand_print_and_set_info
                0x21f0a7c0       0xec common/built-in.o
 .text.arg_off  0x21f0a8ac       0xc0 common/built-in.o
 .text.arg_off_size
                0x21f0a96c      0x16c common/built-in.o
 .text.do_nand  0x21f0aad8      0xd20 common/built-in.o
 .text.do_ping  0x21f0b7f8       0x74 common/built-in.o
 .text.netboot_common
                0x21f0b86c      0x2c0 common/built-in.o
 .text.do_nfs   0x21f0bb2c        0xc common/built-in.o
 .text.do_dhcp  0x21f0bb38        0xc common/built-in.o
 .text.do_bootp
                0x21f0bb44        0xc common/built-in.o
 .text.do_tftpb
                0x21f0bb50       0x40 common/built-in.o
                0x21f0bb50                do_tftpb
 .text.do_false
                0x21f0bb90        0x8 common/built-in.o
 .text.do_true  0x21f0bb98        0x8 common/built-in.o
 .text.do_test  0x21f0bba0      0x360 common/built-in.o
 .text.usb_get_class_desc
                0x21f0bf00       0xa8 common/built-in.o
 .text.do_usbboot
                0x21f0bfa8        0xc common/built-in.o
 .text.usb_display_class_sub
                0x21f0bfb4      0x174 common/built-in.o
 .text.usb_find_device
                0x21f0c128       0x3c common/built-in.o
 .text.do_usb_start
                0x21f0c164       0x30 common/built-in.o
 .text.usb_show_tree_graph
                0x21f0c194      0x24c common/built-in.o
 .text.usb_display_desc
                0x21f0c3e0      0x130 common/built-in.o
 .text.usb_display_string
                0x21f0c510       0x44 common/built-in.o
 .text.usb_display_config
                0x21f0c554      0x240 common/built-in.o
 .text.do_usb   0x21f0c794      0x76c common/built-in.o
 .text.usb_disable_asynch
                0x21f0cf00       0x20 common/built-in.o
                0x21f0cf00                usb_disable_asynch
 .text.usb_maxpacket
                0x21f0cf20       0x24 common/built-in.o
                0x21f0cf20                usb_maxpacket
 .text.usb_set_maxpacket_ep
                0x21f0cf44       0x74 common/built-in.o
 .text.usb_get_dev_index
                0x21f0cfb8       0x24 common/built-in.o
                0x21f0cfb8                usb_get_dev_index
 .text.usb_alloc_device
                0x21f0cfdc        0x8 common/built-in.o
                0x21f0cfdc                usb_alloc_device
 .text.usb_device_has_child_on_port
                0x21f0cfe4       0x14 common/built-in.o
                0x21f0cfe4                usb_device_has_child_on_port
 .text.usb_alloc_new_device
                0x21f0cff8       0xb0 common/built-in.o
                0x21f0cff8                usb_alloc_new_device
 .text.usb_free_device
                0x21f0d0a8       0x48 common/built-in.o
                0x21f0d0a8                usb_free_device
 .text.usb_legacy_port_reset
                0x21f0d0f0       0x44 common/built-in.o
                0x21f0d0f0                usb_legacy_port_reset
 .text.usb_bulk_msg
                0x21f0d134       0x70 common/built-in.o
                0x21f0d134                usb_bulk_msg
 .text.usb_control_msg
                0x21f0d1a4      0x104 common/built-in.o
                0x21f0d1a4                usb_control_msg
 .text.usb_get_descriptor
                0x21f0d2a8       0x64 common/built-in.o
 .text.get_descriptor_len
                0x21f0d30c       0x90 common/built-in.o
 .text.usb_get_configuration_no
                0x21f0d39c       0xc0 common/built-in.o
                0x21f0d39c                usb_get_configuration_no
 .text.usb_get_string
                0x21f0d45c       0x84 common/built-in.o
 .text.usb_string_sub
                0x21f0d4e0      0x104 common/built-in.o
 .text.usb_string
                0x21f0d5e4      0x104 common/built-in.o
                0x21f0d5e4                usb_string
 .text.usb_select_config
                0x21f0d6e8      0x444 common/built-in.o
                0x21f0d6e8                usb_select_config
 .text.usb_setup_device
                0x21f0db2c      0x178 common/built-in.o
                0x21f0db2c                usb_setup_device
 .text.usb_new_device
                0x21f0dca4       0x34 common/built-in.o
                0x21f0dca4                usb_new_device
 .text.usb_set_interface
                0x21f0dcd8       0xc4 common/built-in.o
                0x21f0dcd8                usb_set_interface
 .text.usb_clear_halt
                0x21f0dd9c       0xac common/built-in.o
                0x21f0dd9c                usb_clear_halt
 .text.usb_stop
                0x21f0de48       0x5c common/built-in.o
                0x21f0de48                usb_stop
 .text.usb_init
                0x21f0dea4      0x144 common/built-in.o
                0x21f0dea4                usb_init
 .text.usb_hub_reset_devices
                0x21f0dfe8        0x4 common/built-in.o
                0x21f0dfe8                usb_hub_reset_devices
 .text.usb_hub_reset
                0x21f0dfec       0x14 common/built-in.o
                0x21f0dfec                usb_hub_reset
 .text.usb_get_hub_descriptor
                0x21f0e000       0x54 common/built-in.o
 .text.usb_get_port_status
                0x21f0e054       0x58 common/built-in.o
 .text.usb_set_port_feature
                0x21f0e0ac       0x54 common/built-in.o
 .text.usb_clear_port_feature
                0x21f0e100       0x54 common/built-in.o
 .text.usb_hub_power_on
                0x21f0e154       0x6c common/built-in.o
 .text.legacy_hub_port_reset
                0x21f0e1c0       0xa4 common/built-in.o
                0x21f0e1c0                legacy_hub_port_reset
 .text.usb_hub_port_connect_change
                0x21f0e264      0x160 common/built-in.o
                0x21f0e264                usb_hub_port_connect_change
 .text.usb_hub_configure
                0x21f0e3c4      0x2f4 common/built-in.o
 .text.usb_hub_probe
                0x21f0e6b8       0x60 common/built-in.o
                0x21f0e6b8                usb_hub_probe
 .text.usb_stor_get_dev
                0x21f0e718       0x2c common/built-in.o
                0x21f0e718                usb_stor_get_dev
 .text.usb_stor_reset
                0x21f0e744       0x14 common/built-in.o
                0x21f0e744                usb_stor_reset
 .text.usb_stor_irq
                0x21f0e758       0x1c common/built-in.o
 .text.usb_request_sense
                0x21f0e774       0x68 common/built-in.o
 .text.usb_stor_get_info
                0x21f0e7dc      0x374 common/built-in.o
                0x21f0e7dc                usb_stor_get_info
 .text.usb_storage_probe
                0x21f0eb50      0x228 common/built-in.o
                0x21f0eb50                usb_storage_probe
 .text.usb_stor_BBB_clear_endpt_stall
                0x21f0ed78       0x48 common/built-in.o
 .text.usb_stor_BBB_reset
                0x21f0edc0       0xd0 common/built-in.o
 .text.usb_stor_CB_reset
                0x21f0ee90       0xd4 common/built-in.o
 .text.usb_stor_BBB_transport
                0x21f0ef64      0x294 common/built-in.o
 .text.usb_stor_CB_comdat
                0x21f0f1f8      0x21c common/built-in.o
 .text.usb_stor_CBI_get_status
                0x21f0f414       0xd0 common/built-in.o
 .text.usb_stor_CB_transport
                0x21f0f4e4      0x1ec common/built-in.o
 .text.usb_stor_write
                0x21f0f6d0      0x198 common/built-in.o
                0x21f0f6d0                usb_stor_write
 .text.usb_stor_read
                0x21f0f868      0x198 common/built-in.o
                0x21f0f868                usb_stor_read
 .text.usb_stor_scan
                0x21f0fa00      0x1fc common/built-in.o
                0x21f0fa00                usb_stor_scan
 .text.usb_stor_info
                0x21f0fbfc       0x74 common/built-in.o
                0x21f0fbfc                usb_stor_info
 .text.do_imgextract
                0x21f0fc70      0x2b8 common/built-in.o
 .text.lcd_get_size
                0x21f0ff28       0x34 common/built-in.o
                0x21f0ff28                lcd_get_size
 .text.lcd_setmem
                0x21f0ff5c       0x30 common/built-in.o
                0x21f0ff5c                lcd_setmem
 .text.lcd_getfgcolor
                0x21f0ff8c       0x10 common/built-in.o
                0x21f0ff8c                lcd_getfgcolor
 .text.lcd_getbgcolor
                0x21f0ff9c       0x10 common/built-in.o
                0x21f0ff9c                lcd_getbgcolor
 .text.lcd_stub_puts
                0x21f0ffac        0x8 common/built-in.o
 .text.lcd_stub_putc
                0x21f0ffb4        0x8 common/built-in.o
 .text.lcd_sync
                0x21f0ffbc       0x3c common/built-in.o
                0x21f0ffbc                lcd_sync
 .text.lcd_logo_plot
                0x21f0fff8       0xfc common/built-in.o
                0x21f0fff8                lcd_logo_plot
 .text.lcd_clear
                0x21f100f4      0x17c common/built-in.o
                0x21f100f4                lcd_clear
 .text.do_lcd_clear
                0x21f10270       0x10 common/built-in.o
 .text.drv_lcd_init
                0x21f10280       0xc8 common/built-in.o
                0x21f10280                drv_lcd_init
 .text.lcd_set_col
                0x21f10348       0x10 common/built-in.o
                0x21f10348                lcd_set_col
 .text.lcd_set_row
                0x21f10358       0x10 common/built-in.o
                0x21f10358                lcd_set_row
 .text.lcd_position_cursor
                0x21f10368       0x54 common/built-in.o
                0x21f10368                lcd_position_cursor
 .text.console_setrow0
                0x21f103bc       0x38 common/built-in.o
 .text.console_moverow0
                0x21f103f4       0x40 common/built-in.o
 .text.console_calc_rowcol
                0x21f10434       0x14 common/built-in.o
                0x21f10434                console_calc_rowcol
 .text.lcd_init_console_rot
                0x21f10448        0x4 common/built-in.o
                0x21f10448                lcd_init_console_rot
 .text.do_lcd_setcursor
                0x21f1044c       0x4c common/built-in.o
 .text.lcd_putc
                0x21f10498      0x2b8 common/built-in.o
                0x21f10498                lcd_putc
 .text.lcd_puts
                0x21f10750       0x44 common/built-in.o
                0x21f10750                lcd_puts
 .text.do_lcd_puts
                0x21f10794       0x20 common/built-in.o
 .text.lcd_printf
                0x21f107b4       0x44 common/built-in.o
                0x21f107b4                lcd_printf
 .text.lcd_init_console
                0x21f107f8       0x7c common/built-in.o
                0x21f107f8                lcd_init_console
 .text.lcd_putc_xy0
                0x21f10874       0x90 common/built-in.o
 .text.get_env_id
                0x21f10904       0x10 common/built-in.o
                0x21f10904                get_env_id
 .text.do_env_delete
                0x21f10914       0xac common/built-in.o
 .text.do_env_exists
                0x21f109c0       0x60 common/built-in.o
 .text._do_env_set
                0x21f10a20      0x1d8 common/built-in.o
 .text.do_env_set
                0x21f10bf8       0x20 common/built-in.o
 .text.setenv   0x21f10c18       0x60 common/built-in.o
                0x21f10c18                setenv
 .text.env_print
                0x21f10c78       0xd0 common/built-in.o
 .text.do_env_print
                0x21f10d48       0xdc common/built-in.o
 .text.setenv_hex
                0x21f10e24       0x38 common/built-in.o
                0x21f10e24                setenv_hex
 .text.do_env   0x21f10e5c       0x5c common/built-in.o
 .text.do_env_import
                0x21f10eb8      0x28c common/built-in.o
 .text.do_env_export
                0x21f11144      0x260 common/built-in.o
 .text.do_env_default
                0x21f113a4       0xb0 common/built-in.o
 .text.do_env_save
                0x21f11454       0x2c common/built-in.o
 .text.envmatch
                0x21f11480       0x64 common/built-in.o
                0x21f11480                envmatch
 .text.getenv_f
                0x21f114e4       0xbc common/built-in.o
                0x21f114e4                getenv_f
 .text.getenv   0x21f115a0       0x80 common/built-in.o
                0x21f115a0                getenv
 .text.do_env_edit
                0x21f11620       0x78 common/built-in.o
 .text.getenv_ulong
                0x21f11698       0x30 common/built-in.o
                0x21f11698                getenv_ulong
 .text.getenv_hex
                0x21f116c8       0x34 common/built-in.o
                0x21f116c8                getenv_hex
 .text.setenv_ulong
                0x21f116fc       0x20 common/built-in.o
                0x21f116fc                setenv_ulong
 .text.env_get_char_spec
                0x21f1171c        0xc common/built-in.o
                0x21f1171c                env_get_char_spec
 .text.env_get_addr
                0x21f11728       0x20 common/built-in.o
                0x21f11728                env_get_addr
 .text.env_get_char_memory
                0x21f11748       0x10 common/built-in.o
                0x21f11748                env_get_char_memory
 .text.env_get_char
                0x21f11758       0x30 common/built-in.o
                0x21f11758                env_get_char
 .text.env_complete
                0x21f11788       0xe4 common/built-in.o
                0x21f11788                env_complete
 .text.env_export
                0x21f1186c       0xa8 common/built-in.o
                0x21f1186c                env_export
 .text.set_default_vars
                0x21f11914       0x40 common/built-in.o
                0x21f11914                set_default_vars
 .text.set_default_env
                0x21f11954       0xc8 common/built-in.o
                0x21f11954                set_default_env
 .text.env_relocate
                0x21f11a1c       0x30 common/built-in.o
                0x21f11a1c                env_relocate
 .text.env_import
                0x21f11a4c       0xe4 common/built-in.o
                0x21f11a4c                env_import
 .text.getenv_default
                0x21f11b30       0x30 common/built-in.o
                0x21f11b30                getenv_default
 .text.getenv_yesno
                0x21f11b60       0x4c common/built-in.o
                0x21f11b60                getenv_yesno
 .text.console_setfile
                0x21f11bac       0xbc common/built-in.o
 .text.fgetc    0x21f11c68       0x2c common/built-in.o
                0x21f11c68                fgetc
 .text.ftstc    0x21f11c94       0x2c common/built-in.o
                0x21f11c94                ftstc
 .text.fputc    0x21f11cc0       0x28 common/built-in.o
                0x21f11cc0                fputc
 .text.fputs    0x21f11ce8       0x28 common/built-in.o
                0x21f11ce8                fputs
 .text.had_ctrlc
                0x21f11d10       0x10 common/built-in.o
                0x21f11d10                had_ctrlc
 .text.clear_ctrlc
                0x21f11d20       0x14 common/built-in.o
                0x21f11d20                clear_ctrlc
 .text.console_init_f
                0x21f11d34       0x10 common/built-in.o
                0x21f11d34                console_init_f
 .text.getc     0x21f11d44       0x24 common/built-in.o
                0x21f11d44                getc
 .text.tstc     0x21f11d68       0x24 common/built-in.o
                0x21f11d68                tstc
 .text.ctrlc    0x21f11d8c       0x5c common/built-in.o
                0x21f11d8c                ctrlc
 .text.putc     0x21f11de8       0x28 common/built-in.o
                0x21f11de8                putc
 .text.puts     0x21f11e10       0x28 common/built-in.o
                0x21f11e10                puts
 .text.search_device
                0x21f11e38       0x28 common/built-in.o
                0x21f11e38                search_device
 .text.console_assign
                0x21f11e60       0x40 common/built-in.o
                0x21f11e60                console_assign
 .text.confirm_yesno
                0x21f11ea0       0xd4 common/built-in.o
                0x21f11ea0                confirm_yesno
 .text.vprintf  0x21f11f74       0x38 common/built-in.o
                0x21f11f74                vprintf
 .text.printf   0x21f11fac       0x5c common/built-in.o
                0x21f11fac                printf
 .text.on_console
                0x21f12008       0xb8 common/built-in.o
 .text.stdio_print_current_devices
                0x21f120c0       0xb8 common/built-in.o
                0x21f120c0                stdio_print_current_devices
 .text.console_init_r
                0x21f12178      0x154 common/built-in.o
                0x21f12178                console_init_r
 .text.serial_printf
                0x21f122cc       0x4c common/built-in.o
                0x21f122cc                serial_printf
 .text.initf_malloc
                0x21f12318        0x8 common/built-in.o
                0x21f12318                initf_malloc
 .text.mem_malloc_init
                0x21f12320       0x40 common/built-in.o
                0x21f12320                mem_malloc_init
 .text.sbrk     0x21f12360       0x6c common/built-in.o
                0x21f12360                sbrk
 .text.malloc_trim
                0x21f123cc       0xd4 common/built-in.o
                0x21f123cc                malloc_trim
 .text.free     0x21f124a0      0x23c common/built-in.o
                0x21f124a0                free
 .text.malloc   0x21f126dc      0x650 common/built-in.o
                0x21f126dc                malloc
 .text.memalign
                0x21f12d2c      0x110 common/built-in.o
                0x21f12d2c                memalign
 .text.calloc   0x21f12e3c       0xe0 common/built-in.o
                0x21f12e3c                calloc
 .text.realloc  0x21f12f1c      0x48c common/built-in.o
                0x21f12f1c                realloc
 .text.image_multi_count
                0x21f133a8       0x24 common/built-in.o
                0x21f133a8                image_multi_count
 .text.get_table_entry_name
                0x21f133cc       0x28 common/built-in.o
                0x21f133cc                get_table_entry_name
 .text.genimg_get_os_name
                0x21f133f4       0x18 common/built-in.o
                0x21f133f4                genimg_get_os_name
 .text.genimg_get_arch_name
                0x21f1340c       0x18 common/built-in.o
                0x21f1340c                genimg_get_arch_name
 .text.genimg_get_type_name
                0x21f13424       0x18 common/built-in.o
                0x21f13424                genimg_get_type_name
 .text.genimg_get_comp_name
                0x21f1343c       0x18 common/built-in.o
                0x21f1343c                genimg_get_comp_name
 .text.genimg_has_config
                0x21f13454        0x8 common/built-in.o
                0x21f13454                genimg_has_config
 .text.boot_get_setup
                0x21f1345c        0x8 common/built-in.o
                0x21f1345c                boot_get_setup
 .text.on_loadaddr
                0x21f13464       0x38 common/built-in.o
 .text.genimg_get_kernel_addr_fit
                0x21f1349c       0x24 common/built-in.o
                0x21f1349c                genimg_get_kernel_addr_fit
 .text.getenv_bootm_low
                0x21f134c0       0x30 common/built-in.o
                0x21f134c0                getenv_bootm_low
 .text.image_multi_getimg
                0x21f134f0       0xac common/built-in.o
                0x21f134f0                image_multi_getimg
 .text.genimg_get_format
                0x21f1359c       0x48 common/built-in.o
                0x21f1359c                genimg_get_format
 .text.genimg_get_image
                0x21f135e4       0x88 common/built-in.o
                0x21f135e4                genimg_get_image
 .text.genimg_print_size
                0x21f1366c       0x30 common/built-in.o
                0x21f1366c                genimg_print_size
 .text.image_print_contents
                0x21f1369c      0x1ac common/built-in.o
                0x21f1369c                image_print_contents
 .text.memmove_wd
                0x21f13848        0xc common/built-in.o
                0x21f13848                memmove_wd
 .text.boot_ramdisk_high
                0x21f13854      0x12c common/built-in.o
                0x21f13854                boot_ramdisk_high
 .text.image_setup_linux
                0x21f13980       0x88 common/built-in.o
                0x21f13980                image_setup_linux
 .text.getenv_bootm_size
                0x21f13a08       0x5c common/built-in.o
                0x21f13a08                getenv_bootm_size
 .text.getenv_bootm_mapsize
                0x21f13a64       0x30 common/built-in.o
                0x21f13a64                getenv_bootm_mapsize
 .text.image_check_dcrc
                0x21f13a94       0x60 common/built-in.o
                0x21f13a94                image_check_dcrc
 .text.image_check_hcrc
                0x21f13af4       0x68 common/built-in.o
                0x21f13af4                image_check_hcrc
 .text.boot_get_ramdisk
                0x21f13b5c      0x274 common/built-in.o
                0x21f13b5c                boot_get_ramdisk
 .text.ft_verify_fdt
                0x21f13dd0        0x8 common/built-in.o
                0x21f13dd0                ft_verify_fdt
 .text.image_setup_libfdt
                0x21f13dd8      0x114 common/built-in.o
                0x21f13dd8                image_setup_libfdt
 .text.fdt_error
                0x21f13eec       0x2c common/built-in.o
 .text.boot_get_fdt
                0x21f13f18      0x31c common/built-in.o
                0x21f13f18                boot_get_fdt
 .text.boot_relocate_fdt
                0x21f14234      0x1b8 common/built-in.o
                0x21f14234                boot_relocate_fdt
 .text.boot_fdt_add_mem_rsv_regions
                0x21f143ec       0x8c common/built-in.o
                0x21f143ec                boot_fdt_add_mem_rsv_regions
 .text.get_ram_size
                0x21f14478      0x110 common/built-in.o
                0x21f14478                get_ram_size
 .text.get_effective_memsize
                0x21f14588        0x8 common/built-in.o
                0x21f14588                get_effective_memsize
 .text.stdio_get_list
                0x21f14590        0xc common/built-in.o
                0x21f14590                stdio_get_list
 .text.stdio_init_tables
                0x21f1459c       0x1c common/built-in.o
                0x21f1459c                stdio_init_tables
 .text.stdio_serial_tstc
                0x21f145b8        0x4 common/built-in.o
 .text.stdio_serial_getc
                0x21f145bc        0x4 common/built-in.o
 .text.stdio_serial_puts
                0x21f145c0        0x8 common/built-in.o
 .text.stdio_serial_putc
                0x21f145c8        0x8 common/built-in.o
 .text.stdio_clone
                0x21f145d0       0x38 common/built-in.o
                0x21f145d0                stdio_clone
 .text.stdio_register_dev
                0x21f14608       0x50 common/built-in.o
                0x21f14608                stdio_register_dev
 .text.stdio_register
                0x21f14658        0x8 common/built-in.o
                0x21f14658                stdio_register
 .text.stdio_add_devices
                0x21f14660       0x80 common/built-in.o
                0x21f14660                stdio_add_devices
 .text.stdio_get_by_name
                0x21f146e0       0x54 common/built-in.o
                0x21f146e0                stdio_get_by_name
 .text.cli_init
                0x21f14734        0x4 common/built-in.o
                0x21f14734                cli_init
 .text.cli_loop
                0x21f14738        0xc common/built-in.o
                0x21f14738                cli_loop
 .text.run_command_list
                0x21f14744       0x5c common/built-in.o
                0x21f14744                run_command_list
 .text.run_command
                0x21f147a0       0x10 common/built-in.o
                0x21f147a0                run_command
 .text.do_run   0x21f147b0       0x70 common/built-in.o
                0x21f147b0                do_run
 .text.delete_char
                0x21f14820       0xdc common/built-in.o
 .text.cread_add_char
                0x21f148fc       0xf0 common/built-in.o
 .text.cread_add_str
                0x21f149ec       0x50 common/built-in.o
 .text.cli_readline_into_buffer
                0x21f14a3c      0x9c0 common/built-in.o
                0x21f14a3c                cli_readline_into_buffer
 .text.cli_readline
                0x21f153fc       0x1c common/built-in.o
                0x21f153fc                cli_readline
 .text.cmd_get_data_size
                0x21f15418       0x78 common/built-in.o
                0x21f15418                cmd_get_data_size
 .text.cmd_usage
                0x21f15490       0x5c common/built-in.o
                0x21f15490                cmd_usage
 .text.var_complete
                0x21f154ec       0x84 common/built-in.o
                0x21f154ec                var_complete
 .text.find_cmd_tbl
                0x21f15570       0xa0 common/built-in.o
                0x21f15570                find_cmd_tbl
 .text.find_cmd
                0x21f15610       0x28 common/built-in.o
                0x21f15610                find_cmd
 .text.cmd_process
                0x21f15638       0xf0 common/built-in.o
                0x21f15638                cmd_process
 .text.cmd_auto_complete
                0x21f15728      0x4b4 common/built-in.o
                0x21f15728                cmd_auto_complete
 .text._do_help
                0x21f15bdc      0x180 common/built-in.o
                0x21f15bdc                _do_help
 .text.xyzModem_error
                0x21f15d5c       0x9c common/built-in.o
                0x21f15d5c                xyzModem_error
 .text.CYGACC_COMM_IF_PUTC
                0x21f15df8        0x8 common/built-in.o
 .text.CYGACC_COMM_IF_GETC_TIMEOUT
                0x21f15e00       0x5c common/built-in.o
 .text.xyzModem_flush
                0x21f15e5c       0x28 common/built-in.o
 .text.xyzModem_stream_terminate
                0x21f15e84       0xd4 common/built-in.o
                0x21f15e84                xyzModem_stream_terminate
 .text.xyzModem_stream_close
                0x21f15f58       0x4c common/built-in.o
                0x21f15f58                xyzModem_stream_close
 .text.xyzModem_get_hdr
                0x21f15fa4      0x284 common/built-in.o
 .text.xyzModem_stream_read
                0x21f16228      0x284 common/built-in.o
                0x21f16228                xyzModem_stream_read
 .text.xyzModem_stream_open
                0x21f164ac      0x26c common/built-in.o
                0x21f164ac                xyzModem_stream_open
 .text.common_diskboot
                0x21f16718      0x25c common/built-in.o
                0x21f16718                common_diskboot
 .text.get_dev_hwpart
                0x21f16974       0xa4 disk/built-in.o
 .text.get_device
                0x21f16a18      0x124 disk/built-in.o
                0x21f16a18                get_device
 .text.get_partition_info
                0x21f16b3c       0x24 disk/built-in.o
                0x21f16b3c                get_partition_info
 .text.get_device_and_partition
                0x21f16b60      0x454 disk/built-in.o
                0x21f16b60                get_device_and_partition
 .text.print_part
                0x21f16fb4       0xf8 disk/built-in.o
                0x21f16fb4                print_part
 .text.dev_print
                0x21f170ac      0x224 disk/built-in.o
                0x21f170ac                dev_print
 .text.init_part
                0x21f172d0       0x20 disk/built-in.o
                0x21f172d0                init_part
 .text.test_block_type
                0x21f172f0       0x80 disk/built-in.o
 .text.get_partition_info_extended
                0x21f17370      0x314 disk/built-in.o
 .text.get_partition_info_dos
                0x21f17684       0x28 disk/built-in.o
                0x21f17684                get_partition_info_dos
 .text.print_partition_extended
                0x21f176ac      0x264 disk/built-in.o
 .text.print_part_dos
                0x21f17910       0x34 disk/built-in.o
                0x21f17910                print_part_dos
 .text.test_part_dos
                0x21f17944       0x64 disk/built-in.o
                0x21f17944                test_part_dos
 .text.configuration_get_cmap
                0x21f179a8       0x14 drivers/built-in.o
                0x21f179a8                configuration_get_cmap
 .text.lcd_logo_set_cmap
                0x21f179bc       0x48 drivers/built-in.o
                0x21f179bc                lcd_logo_set_cmap
 .text.lcd_setcolreg
                0x21f17a04       0x2c drivers/built-in.o
                0x21f17a04                lcd_setcolreg
 .text.lcd_ctrl_init
                0x21f17a30      0x1c4 drivers/built-in.o
                0x21f17a30                lcd_ctrl_init
 .text.at91_set_port_pullup
                0x21f17bf4       0x24 drivers/gpio/built-in.o
 .text.at91_pio_get_port
                0x21f17c18       0x74 drivers/gpio/built-in.o
 .text.at91_get_pio_value
                0x21f17c8c       0x40 drivers/gpio/built-in.o
                0x21f17c8c                at91_get_pio_value
 .text.gpio_get_value
                0x21f17ccc        0xc drivers/gpio/built-in.o
                0x21f17ccc                gpio_get_value
 .text.at91_set_pio_value
                0x21f17cd8       0x4c drivers/gpio/built-in.o
                0x21f17cd8                at91_set_pio_value
 .text.gpio_set_value
                0x21f17d24       0x1c drivers/gpio/built-in.o
                0x21f17d24                gpio_set_value
 .text.at91_set_pio_output
                0x21f17d40       0x5c drivers/gpio/built-in.o
                0x21f17d40                at91_set_pio_output
 .text.at91_set_pio_input
                0x21f17d9c       0x54 drivers/gpio/built-in.o
                0x21f17d9c                at91_set_pio_input
 .text.at91_set_pio_pullup
                0x21f17df0       0x3c drivers/gpio/built-in.o
                0x21f17df0                at91_set_pio_pullup
 .text.at91_set_b_periph
                0x21f17e2c       0x5c drivers/gpio/built-in.o
                0x21f17e2c                at91_set_b_periph
 .text.at91_set_a_periph
                0x21f17e88       0x5c drivers/gpio/built-in.o
                0x21f17e88                at91_set_a_periph
 .text.board_mmc_getwp
                0x21f17ee4        0x8 drivers/mmc/built-in.o
                0x21f17ee4                board_mmc_getwp
 .text.mmc_getwp
                0x21f17eec       0x38 drivers/mmc/built-in.o
                0x21f17eec                mmc_getwp
 .text.board_mmc_getcd
                0x21f17f24        0x8 drivers/mmc/built-in.o
                0x21f17f24                board_mmc_getcd
 .text.mmc_send_cmd
                0x21f17f2c       0x18 drivers/mmc/built-in.o
                0x21f17f2c                mmc_send_cmd
 .text.mmc_set_blocklen
                0x21f17f44       0x40 drivers/mmc/built-in.o
                0x21f17f44                mmc_set_blocklen
 .text.mmc_send_op_cond_iter
                0x21f17f84       0x80 drivers/mmc/built-in.o
 .text.mmc_send_ext_csd
                0x21f18004       0x4c drivers/mmc/built-in.o
 .text.mmc_getcd
                0x21f18050       0x38 drivers/mmc/built-in.o
                0x21f18050                mmc_getcd
 .text.sd_switch
                0x21f18088       0x64 drivers/mmc/built-in.o
 .text.mmc_set_ios
                0x21f180ec       0x20 drivers/mmc/built-in.o
 .text.mmc_set_clock
                0x21f1810c       0x24 drivers/mmc/built-in.o
                0x21f1810c                mmc_set_clock
 .text.mmc_set_bus_width
                0x21f18130        0x8 drivers/mmc/built-in.o
 .text.board_mmc_power_init
                0x21f18138        0x4 drivers/mmc/built-in.o
                0x21f18138                board_mmc_power_init
 .text.mmc_set_dsr
                0x21f1813c        0xc drivers/mmc/built-in.o
                0x21f1813c                mmc_set_dsr
 .text.cpu_mmc_init
                0x21f18148        0x8 drivers/mmc/built-in.o
                0x21f18148                cpu_mmc_init
 .text.get_mmc_num
                0x21f18150       0x10 drivers/mmc/built-in.o
                0x21f18150                get_mmc_num
 .text.find_mmc_device
                0x21f18160       0x4c drivers/mmc/built-in.o
                0x21f18160                find_mmc_device
 .text.mmc_bread
                0x21f181ac      0x14c drivers/mmc/built-in.o
 .text.print_mmc_devices
                0x21f182f8       0xcc drivers/mmc/built-in.o
                0x21f182f8                print_mmc_devices
 .text.mmc_go_idle
                0x21f183c4       0x50 drivers/mmc/built-in.o
 .text.mmc_start_init
                0x21f18414      0x294 drivers/mmc/built-in.o
                0x21f18414                mmc_start_init
 .text.mmc_initialize
                0x21f186a8       0x7c drivers/mmc/built-in.o
                0x21f186a8                mmc_initialize
 .text.mmc_send_status
                0x21f18724       0xd8 drivers/mmc/built-in.o
                0x21f18724                mmc_send_status
 .text.mmc_switch
                0x21f187fc       0x54 drivers/mmc/built-in.o
 .text.mmc_hwpart_config
                0x21f18850      0x458 drivers/mmc/built-in.o
                0x21f18850                mmc_hwpart_config
 .text.mmc_set_capacity
                0x21f18ca8       0x9c drivers/mmc/built-in.o
 .text.mmc_switch_part
                0x21f18d44       0x58 drivers/mmc/built-in.o
                0x21f18d44                mmc_switch_part
 .text.mmc_select_hwpart
                0x21f18d9c       0x64 drivers/mmc/built-in.o
                0x21f18d9c                mmc_select_hwpart
 .text.mmc_startup
                0x21f18e00      0xda4 drivers/mmc/built-in.o
 .text.mmc_init
                0x21f19ba4      0x100 drivers/mmc/built-in.o
                0x21f19ba4                mmc_init
 .text.mmc_get_dev
                0x21f19ca4       0x28 drivers/mmc/built-in.o
                0x21f19ca4                mmc_get_dev
 .text.mmc_create
                0x21f19ccc       0xfc drivers/mmc/built-in.o
                0x21f19ccc                mmc_create
 .text.atmel_mci_get_version
                0x21f19dc8       0x10 drivers/mmc/built-in.o
 .text.mci_data_read
                0x21f19dd8       0x3c drivers/mmc/built-in.o
 .text.mci_data_write
                0x21f19e14       0x3c drivers/mmc/built-in.o
 .text.atmel_mci_init
                0x21f19e50       0xb8 drivers/mmc/built-in.o
                0x21f19e50                atmel_mci_init
 .text.mci_set_mode
                0x21f19f08      0x154 drivers/mmc/built-in.o
 .text.mci_init
                0x21f1a05c       0x50 drivers/mmc/built-in.o
 .text.mci_set_ios
                0x21f1a0ac       0x70 drivers/mmc/built-in.o
 .text.dump_cmd
                0x21f1a11c       0x28 drivers/mmc/built-in.o
 .text.mci_send_cmd
                0x21f1a144      0x2b8 drivers/mmc/built-in.o
 .text.mmc_bwrite
                0x21f1a3fc      0x16c drivers/mmc/built-in.o
                0x21f1a3fc                mmc_bwrite
 .text.mmc_berase
                0x21f1a568      0x198 drivers/mmc/built-in.o
                0x21f1a568                mmc_berase
 .text.mtd_erase
                0x21f1a700       0xc4 drivers/mtd/built-in.o
                0x21f1a700                mtd_erase
 .text.mtd_read
                0x21f1a7c4       0xd0 drivers/mtd/built-in.o
                0x21f1a7c4                mtd_read
 .text.mtd_write
                0x21f1a894       0xbc drivers/mtd/built-in.o
                0x21f1a894                mtd_write
 .text.mtd_read_oob
                0x21f1a950       0x5c drivers/mtd/built-in.o
                0x21f1a950                mtd_read_oob
 .text.mtd_block_isbad
                0x21f1a9ac       0x50 drivers/mtd/built-in.o
                0x21f1a9ac                mtd_block_isbad
 .text.mtd_block_markbad
                0x21f1a9fc       0x60 drivers/mtd/built-in.o
                0x21f1a9fc                mtd_block_markbad
 .text.AT91F_DataFlashWriteBuffer
                0x21f1aa5c       0xec drivers/mtd/built-in.o
                0x21f1aa5c                AT91F_DataFlashWriteBuffer
 .text.AT91F_DataFlashGetStatus
                0x21f1ab48       0x58 drivers/mtd/built-in.o
                0x21f1ab48                AT91F_DataFlashGetStatus
 .text.AT91F_DataflashProbe
                0x21f1aba0       0x28 drivers/mtd/built-in.o
                0x21f1aba0                AT91F_DataflashProbe
 .text.AT91F_DataFlashWaitReady
                0x21f1abc8       0x44 drivers/mtd/built-in.o
                0x21f1abc8                AT91F_DataFlashWaitReady
 .text.AT91F_DataFlashSendCommand
                0x21f1ac0c      0x110 drivers/mtd/built-in.o
                0x21f1ac0c                AT91F_DataFlashSendCommand
 .text.AT91F_WriteBufferToMain
                0x21f1ad1c       0x5c drivers/mtd/built-in.o
                0x21f1ad1c                AT91F_WriteBufferToMain
 .text.AT91F_PageErase
                0x21f1ad78       0x28 drivers/mtd/built-in.o
                0x21f1ad78                AT91F_PageErase
 .text.AT91F_MainMemoryToBufferTransfert
                0x21f1ada0       0x4c drivers/mtd/built-in.o
                0x21f1ada0                AT91F_MainMemoryToBufferTransfert
 .text.AT91F_PartialPageWrite
                0x21f1adec       0xc4 drivers/mtd/built-in.o
                0x21f1adec                AT91F_PartialPageWrite
 .text.AT91F_DataFlashWrite
                0x21f1aeb0      0x17c drivers/mtd/built-in.o
                0x21f1aeb0                AT91F_DataFlashWrite
 .text.AT91F_DataFlashContinuousRead
                0x21f1b02c       0x5c drivers/mtd/built-in.o
                0x21f1b02c                AT91F_DataFlashContinuousRead
 .text.AT91F_DataFlashRead
                0x21f1b088       0x94 drivers/mtd/built-in.o
                0x21f1b088                AT91F_DataFlashRead
 .text.AT91F_DataflashSelect
                0x21f1b11c       0x4c drivers/mtd/built-in.o
                0x21f1b11c                AT91F_DataflashSelect
 .text.addr_dataflash
                0x21f1b168       0x20 drivers/mtd/built-in.o
                0x21f1b168                addr_dataflash
 .text.size_dataflash
                0x21f1b188       0x34 drivers/mtd/built-in.o
                0x21f1b188                size_dataflash
 .text.prot_dataflash
                0x21f1b1bc       0x60 drivers/mtd/built-in.o
                0x21f1b1bc                prot_dataflash
 .text.dataflash_real_protect
                0x21f1b21c       0xc4 drivers/mtd/built-in.o
                0x21f1b21c                dataflash_real_protect
 .text.dataflash_perror
                0x21f1b2e0       0x94 drivers/mtd/built-in.o
                0x21f1b2e0                dataflash_perror
 .text.dataflash_print_info
                0x21f1b374      0x134 drivers/mtd/built-in.o
                0x21f1b374                dataflash_print_info
 .text.write_dataflash
                0x21f1b4a8       0x88 drivers/mtd/built-in.o
                0x21f1b4a8                write_dataflash
 .text.read_dataflash
                0x21f1b530       0x64 drivers/mtd/built-in.o
                0x21f1b530                read_dataflash
 .text.AT91F_DataflashInit
                0x21f1b594      0x210 drivers/mtd/built-in.o
                0x21f1b594                AT91F_DataflashInit
 .text.nand_init
                0x21f1b7a4       0x28 drivers/mtd/nand/built-in.o
                0x21f1b7a4                nand_init
 .text.nand_register
                0x21f1b7cc       0x88 drivers/mtd/nand/built-in.o
                0x21f1b7cc                nand_register
 .text.bbt_get_ver_offs
                0x21f1b854       0x1c drivers/mtd/nand/built-in.o
 .text.nand_isbad_bbt
                0x21f1b870       0x50 drivers/mtd/nand/built-in.o
                0x21f1b870                nand_isbad_bbt
 .text.read_bbt
                0x21f1b8c0      0x20c drivers/mtd/nand/built-in.o
 .text.read_abs_bbt
                0x21f1bacc       0xcc drivers/mtd/nand/built-in.o
 .text.scan_read
                0x21f1bb98       0xf4 drivers/mtd/nand/built-in.o
 .text.write_bbt
                0x21f1bc8c      0x668 drivers/mtd/nand/built-in.o
 .text.nand_update_bbt
                0x21f1c2f4      0x124 drivers/mtd/nand/built-in.o
 .text.nand_markbad_bbt
                0x21f1c418       0x60 drivers/mtd/nand/built-in.o
                0x21f1c418                nand_markbad_bbt
 .text.mark_bbt_region
                0x21f1c478      0x188 drivers/mtd/nand/built-in.o
 .text.verify_bbt_descr
                0x21f1c600      0x154 drivers/mtd/nand/built-in.o
 .text.create_bbt
                0x21f1c754      0x220 drivers/mtd/nand/built-in.o
 .text.search_bbt
                0x21f1c974      0x1b4 drivers/mtd/nand/built-in.o
 .text.nand_scan_bbt
                0x21f1cb28      0x4b4 drivers/mtd/nand/built-in.o
                0x21f1cb28                nand_scan_bbt
 .text.nand_default_bbt
                0x21f1cfdc       0xc8 drivers/mtd/nand/built-in.o
                0x21f1cfdc                nand_default_bbt
 .text.check_skip_len
                0x21f1d0a4       0xa8 drivers/mtd/nand/built-in.o
 .text.nand_read_skip_bad
                0x21f1d14c      0x260 drivers/mtd/nand/built-in.o
                0x21f1d14c                nand_read_skip_bad
 .text.nand_verify
                0x21f1d3ac       0xf8 drivers/mtd/nand/built-in.o
                0x21f1d3ac                nand_verify
 .text.nand_write_skip_bad
                0x21f1d4a4      0x2e8 drivers/mtd/nand/built-in.o
                0x21f1d4a4                nand_write_skip_bad
 .text.nand_verify_page_oob
                0x21f1d78c       0xbc drivers/mtd/nand/built-in.o
                0x21f1d78c                nand_verify_page_oob
 .text.nand_erase_opts
                0x21f1d848      0x384 drivers/mtd/nand/built-in.o
                0x21f1d848                nand_erase_opts
 .text.nand_calculate_ecc
                0x21f1dbcc       0xf8 drivers/mtd/nand/built-in.o
                0x21f1dbcc                nand_calculate_ecc
 .text.nand_correct_data
                0x21f1dcc4      0x12c drivers/mtd/nand/built-in.o
                0x21f1dcc4                nand_correct_data
 .text.generic_ffs
                0x21f1ddf0       0x58 drivers/mtd/nand/built-in.o
 .text.generic_fls
                0x21f1de48       0x58 drivers/mtd/nand/built-in.o
 .text.nand_release_device
                0x21f1dea0       0x18 drivers/mtd/nand/built-in.o
 .text.nand_read_byte
                0x21f1deb8       0x14 drivers/mtd/nand/built-in.o
                0x21f1deb8                nand_read_byte
 .text.nand_read_byte16
                0x21f1decc       0x14 drivers/mtd/nand/built-in.o
 .text.nand_read_word
                0x21f1dee0       0x10 drivers/mtd/nand/built-in.o
 .text.nand_write_byte
                0x21f1def0       0x24 drivers/mtd/nand/built-in.o
 .text.nand_write_byte16
                0x21f1df14       0x24 drivers/mtd/nand/built-in.o
 .text.nand_write_buf
                0x21f1df38       0x28 drivers/mtd/nand/built-in.o
                0x21f1df38                nand_write_buf
 .text.nand_read_buf
                0x21f1df60       0x2c drivers/mtd/nand/built-in.o
                0x21f1df60                nand_read_buf
 .text.nand_write_buf16
                0x21f1df8c       0x30 drivers/mtd/nand/built-in.o
                0x21f1df8c                nand_write_buf16
 .text.nand_read_buf16
                0x21f1dfbc       0x38 drivers/mtd/nand/built-in.o
                0x21f1dfbc                nand_read_buf16
 .text.nand_check_wp
                0x21f1dff4       0x4c drivers/mtd/nand/built-in.o
 .text.nand_get_device
                0x21f1e040       0x10 drivers/mtd/nand/built-in.o
 .text.nand_block_bad
                0x21f1e050      0x1d0 drivers/mtd/nand/built-in.o
 .text.nand_read_page_raw
                0x21f1e220       0x44 drivers/mtd/nand/built-in.o
 .text.nand_read_page_raw_syndrome
                0x21f1e264       0xd0 drivers/mtd/nand/built-in.o
 .text.nand_read_page_swecc
                0x21f1e334      0x138 drivers/mtd/nand/built-in.o
 .text.nand_read_subpage
                0x21f1e46c      0x2b8 drivers/mtd/nand/built-in.o
 .text.nand_read_page_hwecc
                0x21f1e724      0x154 drivers/mtd/nand/built-in.o
 .text.nand_read_page_hwecc_oob_first
                0x21f1e878      0x154 drivers/mtd/nand/built-in.o
 .text.nand_read_page_syndrome
                0x21f1e9cc      0x13c drivers/mtd/nand/built-in.o
 .text.nand_setup_read_retry
                0x21f1eb08       0x30 drivers/mtd/nand/built-in.o
 .text.nand_read_oob_std
                0x21f1eb38       0x3c drivers/mtd/nand/built-in.o
 .text.nand_read_oob_syndrome
                0x21f1eb74      0x110 drivers/mtd/nand/built-in.o
 .text.nand_write_oob_std
                0x21f1ec84       0x70 drivers/mtd/nand/built-in.o
 .text.nand_write_oob_syndrome
                0x21f1ecf4      0x1b8 drivers/mtd/nand/built-in.o
 .text.nand_write_page_raw
                0x21f1eeac       0x44 drivers/mtd/nand/built-in.o
 .text.nand_write_page_raw_syndrome
                0x21f1eef0       0xd0 drivers/mtd/nand/built-in.o
 .text.nand_write_page_swecc
                0x21f1efc0       0xac drivers/mtd/nand/built-in.o
 .text.nand_write_page_hwecc
                0x21f1f06c       0xd0 drivers/mtd/nand/built-in.o
 .text.nand_write_page_syndrome
                0x21f1f13c       0xf4 drivers/mtd/nand/built-in.o
 .text.nand_write_page
                0x21f1f230      0x148 drivers/mtd/nand/built-in.o
 .text.single_erase_cmd
                0x21f1f378       0x3c drivers/mtd/nand/built-in.o
 .text.nand_sync
                0x21f1f3b4       0x1c drivers/mtd/nand/built-in.o
 .text.nand_onfi_set_features
                0x21f1f3d0       0x5c drivers/mtd/nand/built-in.o
 .text.nand_set_defaults
                0x21f1f42c      0x1a8 drivers/mtd/nand/built-in.o
 .text.nand_get_bits_per_cell
                0x21f1f5d4       0x10 drivers/mtd/nand/built-in.o
 .text.nand_select_chip
                0x21f1f5e4       0x58 drivers/mtd/nand/built-in.o
 .text.nand_scan_tail
                0x21f1f63c      0x644 drivers/mtd/nand/built-in.o
                0x21f1f63c                nand_scan_tail
 .text.nand_write_subpage_hwecc
                0x21f1fc80      0x1a4 drivers/mtd/nand/built-in.o
 .text.nand_onfi_get_features
                0x21f1fe24       0x64 drivers/mtd/nand/built-in.o
 .text.nand_block_checkbad
                0x21f1fe88       0x8c drivers/mtd/nand/built-in.o
 .text.nand_block_isbad
                0x21f1ff14       0x1c drivers/mtd/nand/built-in.o
 .text.nand_erase_nand
                0x21f1ff30      0x298 drivers/mtd/nand/built-in.o
                0x21f1ff30                nand_erase_nand
 .text.nand_block_markbad
                0x21f201c8       0xec drivers/mtd/nand/built-in.o
 .text.nand_erase
                0x21f202b4        0x8 drivers/mtd/nand/built-in.o
 .text.nand_fill_oob
                0x21f202bc      0x128 drivers/mtd/nand/built-in.o
 .text.nand_do_write_oob
                0x21f203e4      0x1d8 drivers/mtd/nand/built-in.o
 .text.nand_default_block_markbad
                0x21f205bc       0xec drivers/mtd/nand/built-in.o
 .text.nand_do_write_ops
                0x21f206a8      0x398 drivers/mtd/nand/built-in.o
 .text.nand_write_oob
                0x21f20a40       0xc4 drivers/mtd/nand/built-in.o
 .text.nand_write
                0x21f20b04       0x74 drivers/mtd/nand/built-in.o
 .text.nand_transfer_oob
                0x21f20b78      0x114 drivers/mtd/nand/built-in.o
 .text.panic_nand_write
                0x21f20c8c       0xbc drivers/mtd/nand/built-in.o
 .text.nand_wait
                0x21f20d48       0xe0 drivers/mtd/nand/built-in.o
 .text.nand_wait_ready
                0x21f20e28       0x4c drivers/mtd/nand/built-in.o
                0x21f20e28                nand_wait_ready
 .text.nand_do_read_ops
                0x21f20e74      0x478 drivers/mtd/nand/built-in.o
 .text.nand_read_oob
                0x21f212ec      0x350 drivers/mtd/nand/built-in.o
 .text.nand_read
                0x21f2163c       0x74 drivers/mtd/nand/built-in.o
 .text.nand_command
                0x21f216b0      0x208 drivers/mtd/nand/built-in.o
 .text.nand_command_lp
                0x21f218b8      0x27c drivers/mtd/nand/built-in.o
 .text.sanitize_string
                0x21f21b34       0x38 drivers/mtd/nand/built-in.o
 .text.nand_scan_ident
                0x21f21b6c      0xabc drivers/mtd/nand/built-in.o
                0x21f21b6c                nand_scan_ident
 .text.atmel_nand_chip_init
                0x21f22628       0x9c drivers/mtd/nand/built-in.o
                0x21f22628                atmel_nand_chip_init
 .text.board_nand_init
                0x21f226c4       0x2c drivers/mtd/nand/built-in.o
                0x21f226c4                board_nand_init
 .text.at91_nand_ready
                0x21f226f0        0x8 drivers/mtd/nand/built-in.o
 .text.at91_nand_hwcontrol
                0x21f226f8       0x58 drivers/mtd/nand/built-in.o
 .text.macb_is_gem
                0x21f22750       0x1c drivers/net/built-in.o
 .text.macb_mdio_write
                0x21f2276c       0x6c drivers/net/built-in.o
 .text.macb_mdio_read
                0x21f227d8       0x74 drivers/net/built-in.o
 .text.arch_get_mdio_control
                0x21f2284c        0x4 drivers/net/built-in.o
                0x21f2284c                arch_get_mdio_control
 .text.macb_halt
                0x21f22850       0x38 drivers/net/built-in.o
 .text.macb_write_hwaddr
                0x21f22888       0x44 drivers/net/built-in.o
 .text.macb_eth_initialize
                0x21f228cc      0x1e8 drivers/net/built-in.o
                0x21f228cc                macb_eth_initialize
 .text.reclaim_rx_buffers
                0x21f22ab4       0x84 drivers/net/built-in.o
 .text.macb_recv
                0x21f22b38      0x108 drivers/net/built-in.o
 .text.macb_send
                0x21f22c40      0x100 drivers/net/built-in.o
 .text.macb_init
                0x21f22d40      0x3d8 drivers/net/built-in.o
 .text.serial_null
                0x21f23118        0x4 drivers/serial/built-in.o
                0x21f23118                jz_serial_initialize
                0x21f23118                bfin_serial_initialize
                0x21f23118                p3mx_serial_initialize
                0x21f23118                leon2_serial_initialize
                0x21f23118                leon3_serial_initialize
                0x21f23118                stm32_serial_initialize
                0x21f23118                amirix_serial_initialize
                0x21f23118                marvell_serial_initialize
                0x21f23118                cpci750_serial_initialize
                0x21f23118                ns16550_serial_initialize
                0x21f23118                asc_serial_initialize
                0x21f23118                altera_serial_initialize
                0x21f23118                oc_serial_initialize
                0x21f23118                sh_serial_initialize
                0x21f23118                mxs_auart_initialize
                0x21f23118                arm_dcc_initialize
                0x21f23118                bmw_serial_initialize
                0x21f23118                arc_serial_initialize
                0x21f23118                mcf_serial_initialize
                0x21f23118                lh7a40x_serial_initialize
                0x21f23118                evb64260_serial_initialize
                0x21f23118                lpc32xx_serial_initialize
                0x21f23118                max3100_serial_initialize
                0x21f23118                mpc85xx_serial_initialize
                0x21f23118                imx_serial_initialize
                0x21f23118                bfin_jtag_initialize
                0x21f23118                cogent_serial_initialize
                0x21f23118                clps7111_serial_initialize
                0x21f23118                ml2_serial_initialize
                0x21f23118                sandbox_serial_initialize
                0x21f23118                s3c24xx_serial_initialize
                0x21f23118                sconsole_serial_initialize
                0x21f23118                uartlite_serial_initialize
                0x21f23118                au1x00_serial_initialize
                0x21f23118                pxa_serial_initialize
                0x21f23118                pl01x_serial_initialize
                0x21f23118                altera_jtag_serial_initialize
                0x21f23118                mpc512x_serial_initialize
                0x21f23118                s5p_serial_initialize
                0x21f23118                zynq_serial_initialize
                0x21f23118                sa1100_serial_initialize
                0x21f23118                mpc8260_scc_serial_initialize
                0x21f23118                mxc_serial_initialize
                0x21f23118                iop480_serial_initialize
                0x21f23118                mpc8xx_serial_initialize
                0x21f23118                mpc8260_smc_serial_initialize
                0x21f23118                mpc5xx_serial_initialize
 .text.serial_register
                0x21f2311c       0x18 drivers/serial/built-in.o
                0x21f2311c                serial_register
 .text.serial_stub_start
                0x21f23134       0x14 drivers/serial/built-in.o
 .text.serial_stub_stop
                0x21f23148       0x14 drivers/serial/built-in.o
 .text.serial_stub_putc
                0x21f2315c       0x18 drivers/serial/built-in.o
 .text.serial_stub_puts
                0x21f23174       0x18 drivers/serial/built-in.o
 .text.serial_stub_getc
                0x21f2318c       0x14 drivers/serial/built-in.o
                0x21f2318c                serial_stub_getc
 .text.serial_stub_tstc
                0x21f231a0       0x14 drivers/serial/built-in.o
                0x21f231a0                serial_stub_tstc
 .text.get_current
                0x21f231b4       0x3c drivers/serial/built-in.o
 .text.default_serial_puts
                0x21f231f0       0x34 drivers/serial/built-in.o
                0x21f231f0                default_serial_puts
 .text.serial_puts
                0x21f23224       0x1c drivers/serial/built-in.o
                0x21f23224                serial_puts
 .text.serial_putc
                0x21f23240       0x1c drivers/serial/built-in.o
                0x21f23240                serial_putc
 .text.serial_tstc
                0x21f2325c       0x14 drivers/serial/built-in.o
                0x21f2325c                serial_tstc
 .text.serial_getc
                0x21f23270       0x14 drivers/serial/built-in.o
                0x21f23270                serial_getc
 .text.serial_setbrg
                0x21f23284       0x14 drivers/serial/built-in.o
                0x21f23284                serial_setbrg
 .text.on_baudrate
                0x21f23298       0xf0 drivers/serial/built-in.o
 .text.serial_init
                0x21f23388       0x20 drivers/serial/built-in.o
                0x21f23388                serial_init
 .text.serial_assign
                0x21f233a8       0x50 drivers/serial/built-in.o
                0x21f233a8                serial_assign
 .text.serial_initialize
                0x21f233f8       0xd0 drivers/serial/built-in.o
                0x21f233f8                serial_initialize
 .text.serial_stdio_init
                0x21f234c8       0xa8 drivers/serial/built-in.o
                0x21f234c8                serial_stdio_init
 .text.atmel_serial_setbrg
                0x21f23570       0x34 drivers/serial/built-in.o
 .text.atmel_serial_getc
                0x21f235a4       0x24 drivers/serial/built-in.o
 .text.atmel_serial_tstc
                0x21f235c8       0x14 drivers/serial/built-in.o
 .text.default_serial_console
                0x21f235dc        0xc drivers/serial/built-in.o
                0x21f235dc                default_serial_console
 .text.atmel_serial_putc
                0x21f235e8       0x3c drivers/serial/built-in.o
 .text.atmel_serial_init
                0x21f23624       0x5c drivers/serial/built-in.o
 .text.atmel_serial_initialize
                0x21f23680        0xc drivers/serial/built-in.o
                0x21f23680                atmel_serial_initialize
 .text.AT91F_SpiEnable
                0x21f2368c       0x58 drivers/spi/built-in.o
                0x21f2368c                AT91F_SpiEnable
 .text.AT91F_SpiWrite
                0x21f236e4       0xf0 drivers/spi/built-in.o
                0x21f236e4                AT91F_SpiWrite
 .text.AT91F_SpiInit
                0x21f237d4       0x70 drivers/spi/built-in.o
                0x21f237d4                AT91F_SpiInit
 .text.ep_rev   0x21f23844       0x38 drivers/usb/host/built-in.o
 .text.td_fill  0x21f2387c       0xa0 drivers/usb/host/built-in.o
 .text.td_submit_job
                0x21f2391c      0x25c drivers/usb/host/built-in.o
 .text.hc_reset
                0x21f23b78       0xb4 drivers/usb/host/built-in.o
 .text.usb_lowlevel_stop
                0x21f23c2c       0x3c drivers/usb/host/built-in.o
                0x21f23c2c                usb_lowlevel_stop
 .text.hc_release_ohci
                0x21f23c68       0x10 drivers/usb/host/built-in.o
 .text.usb_lowlevel_init
                0x21f23c78      0x18c drivers/usb/host/built-in.o
                0x21f23c78                usb_lowlevel_init
 .text.urb_free_priv
                0x21f23e04       0x44 drivers/usb/host/built-in.o
 .text.sohci_submit_job
                0x21f23e48      0x590 drivers/usb/host/built-in.o
                0x21f23e48                sohci_submit_job
 .text.submit_common_msg
                0x21f243d8      0x698 drivers/usb/host/built-in.o
                0x21f243d8                submit_common_msg
 .text.submit_int_msg
                0x21f24a70       0x1c drivers/usb/host/built-in.o
                0x21f24a70                submit_int_msg
 .text.submit_control_msg
                0x21f24a8c      0x674 drivers/usb/host/built-in.o
                0x21f24a8c                submit_control_msg
 .text.submit_bulk_msg
                0x21f25100       0x18 drivers/usb/host/built-in.o
                0x21f25100                submit_bulk_msg
 .text.usb_cpu_init
                0x21f25118       0x4c drivers/usb/host/built-in.o
                0x21f25118                usb_cpu_init
 .text.usb_cpu_stop
                0x21f25164       0x44 drivers/usb/host/built-in.o
                0x21f25164                usb_cpu_stop
 .text.usb_cpu_init_fail
                0x21f251a8        0x4 drivers/usb/host/built-in.o
                0x21f251a8                usb_cpu_init_fail
 .text.fs_ls_unsupported
                0x21f251ac        0x8 fs/built-in.o
 .text.fs_exists_unsupported
                0x21f251b4        0x8 fs/built-in.o
 .text.fs_size_unsupported
                0x21f251bc        0x8 fs/built-in.o
 .text.fs_read_unsupported
                0x21f251c4        0x8 fs/built-in.o
 .text.fs_write_unsupported
                0x21f251cc        0x8 fs/built-in.o
 .text.fs_close_unsupported
                0x21f251d4        0x4 fs/built-in.o
 .text.fs_uuid_unsupported
                0x21f251d8        0x8 fs/built-in.o
 .text.fs_get_info
                0x21f251e0       0x20 fs/built-in.o
 .text.fs_close
                0x21f25200       0x28 fs/built-in.o
 .text.fs_ls    0x21f25228       0x3c fs/built-in.o
                0x21f25228                fs_ls
 .text.fs_exists
                0x21f25264       0x34 fs/built-in.o
                0x21f25264                fs_exists
 .text.fs_size  0x21f25298       0x3c fs/built-in.o
                0x21f25298                fs_size
 .text.fs_probe_unsupported
                0x21f252d4       0x18 fs/built-in.o
 .text.fs_read  0x21f252ec       0xac fs/built-in.o
                0x21f252ec                fs_read
 .text.fs_set_blk_dev
                0x21f25398       0xb0 fs/built-in.o
                0x21f25398                fs_set_blk_dev
 .text.file_exists
                0x21f25448       0x2c fs/built-in.o
                0x21f25448                file_exists
 .text.do_ls    0x21f25474       0x68 fs/built-in.o
                0x21f25474                do_ls
 .text.do_load  0x21f254dc      0x244 fs/built-in.o
                0x21f254dc                do_load
 .text.do_size  0x21f25720       0x5c fs/built-in.o
                0x21f25720                do_size
 .text.downcase
                0x21f2577c       0x38 fs/built-in.o
 .text.disk_read
                0x21f257b4       0x5c fs/built-in.o
 .text.dirdelim
                0x21f25810       0x34 fs/built-in.o
 .text.get_fatent
                0x21f25844      0x190 fs/built-in.o
 .text.slot2str
                0x21f259d4       0xd0 fs/built-in.o
 .text.mkcksum  0x21f25aa4       0x58 fs/built-in.o
 .text.fat_close
                0x21f25afc        0x4 fs/built-in.o
                0x21f25afc                fat_close
 .text.get_name
                0x21f25b00       0xbc fs/built-in.o
 .text.read_bootsectandvi
                0x21f25bbc      0x12c fs/built-in.o
 .text.file_fat_detectfs
                0x21f25ce8      0x154 fs/built-in.o
                0x21f25ce8                file_fat_detectfs
 .text.get_cluster
                0x21f25e3c      0x178 fs/built-in.o
 .text.get_vfatname
                0x21f25fb4      0x1cc fs/built-in.o
 .text.do_fat_read_at
                0x21f26180      0xd14 fs/built-in.o
                0x21f26180                do_fat_read_at
 .text.file_fat_read_at
                0x21f26e94       0x60 fs/built-in.o
                0x21f26e94                file_fat_read_at
 .text.fat_read_file
                0x21f26ef4       0x48 fs/built-in.o
                0x21f26ef4                fat_read_file
 .text.fat_size
                0x21f26f3c       0x40 fs/built-in.o
                0x21f26f3c                fat_size
 .text.fat_exists
                0x21f26f7c       0x4c fs/built-in.o
                0x21f26f7c                fat_exists
 .text.do_fat_read
                0x21f26fc8       0x3c fs/built-in.o
                0x21f26fc8                do_fat_read
 .text.file_fat_ls
                0x21f27004       0x2c fs/built-in.o
                0x21f27004                file_fat_ls
 .text.fat_set_blk_dev
                0x21f27030       0xd8 fs/built-in.o
                0x21f27030                fat_set_blk_dev
 .text.inflate_fast
                0x21f27108      0x584 lib/built-in.o
                0x21f27108                inflate_fast
 .text.inflate_table
                0x21f2768c      0x594 lib/built-in.o
                0x21f2768c                inflate_table
 .text.inflateReset
                0x21f27c20       0x7c lib/built-in.o
                0x21f27c20                inflateReset
 .text.inflateInit2_
                0x21f27c9c      0x108 lib/built-in.o
                0x21f27c9c                inflateInit2_
 .text.inflateEnd
                0x21f27da4       0x68 lib/built-in.o
                0x21f27da4                inflateEnd
 .text.adler32  0x21f27e0c      0x33c lib/built-in.o
                0x21f27e0c                adler32
 .text.zcfree   0x21f28148        0x8 lib/built-in.o
                0x21f28148                zcfree
 .text.zcalloc  0x21f28150        0x8 lib/built-in.o
                0x21f28150                zcalloc
 .text.inflate  0x21f28158     0x179c lib/built-in.o
                0x21f28158                inflate
 .text.fdt_offset_ptr
                0x21f298f4       0x94 lib/built-in.o
                0x21f298f4                fdt_offset_ptr
 .text.fdt_next_tag
                0x21f29988      0x120 lib/built-in.o
                0x21f29988                fdt_next_tag
 .text._fdt_check_prop_offset
                0x21f29aa8       0x34 lib/built-in.o
                0x21f29aa8                _fdt_check_prop_offset
 .text._fdt_check_node_offset
                0x21f29adc       0x34 lib/built-in.o
                0x21f29adc                _fdt_check_node_offset
 .text.fdt_next_node
                0x21f29b10       0xb8 lib/built-in.o
                0x21f29b10                fdt_next_node
 .text.fdt_check_header
                0x21f29bc8       0xc4 lib/built-in.o
                0x21f29bc8                fdt_check_header
 .text.fdt_move
                0x21f29c8c       0x58 lib/built-in.o
                0x21f29c8c                fdt_move
 .text._fdt_find_string
                0x21f29ce4       0x5c lib/built-in.o
                0x21f29ce4                _fdt_find_string
 .text.fdt_supernode_atdepth_offset
                0x21f29d40       0xb8 lib/built-in.o
                0x21f29d40                fdt_supernode_atdepth_offset
 .text.fdt_node_depth
                0x21f29df8       0x24 lib/built-in.o
                0x21f29df8                fdt_node_depth
 .text.fdt_num_mem_rsv
                0x21f29e1c       0x88 lib/built-in.o
                0x21f29e1c                fdt_num_mem_rsv
 .text.fdt_get_mem_rsv
                0x21f29ea4       0xe4 lib/built-in.o
                0x21f29ea4                fdt_get_mem_rsv
 .text.fdt_string
                0x21f29f88       0x2c lib/built-in.o
                0x21f29f88                fdt_string
 .text.fdt_get_property_by_offset
                0x21f29fb4       0x80 lib/built-in.o
                0x21f29fb4                fdt_get_property_by_offset
 .text._nextprop
                0x21f2a034       0x5c lib/built-in.o
 .text.fdt_next_property_offset
                0x21f2a090       0x20 lib/built-in.o
                0x21f2a090                fdt_next_property_offset
 .text.fdt_first_property_offset
                0x21f2a0b0       0x20 lib/built-in.o
                0x21f2a0b0                fdt_first_property_offset
 .text.fdt_get_property_namelen
                0x21f2a0d0       0xc0 lib/built-in.o
                0x21f2a0d0                fdt_get_property_namelen
 .text.fdt_getprop_namelen
                0x21f2a190       0x1c lib/built-in.o
                0x21f2a190                fdt_getprop_namelen
 .text.fdt_getprop
                0x21f2a1ac       0x38 lib/built-in.o
                0x21f2a1ac                fdt_getprop
 .text.fdt_get_property
                0x21f2a1e4       0x38 lib/built-in.o
                0x21f2a1e4                fdt_get_property
 .text.fdt_get_name
                0x21f2a21c       0x84 lib/built-in.o
                0x21f2a21c                fdt_get_name
 .text.fdt_subnode_offset_namelen
                0x21f2a2a0       0xc4 lib/built-in.o
                0x21f2a2a0                fdt_subnode_offset_namelen
 .text.fdt_path_offset